127.0.0.1 - - [25/Aug/2022:09:33:52 +0900] "GET / HTTP/1.1" 404 807
127.0.0.1 - - [25/Aug/2022:09:45:18 +0900] "GET / HTTP/1.1" 404 807
127.0.0.1 - - [25/Aug/2022:09:46:37 +0900] "GET / HTTP/1.1" 404 807
0:0:0:0:0:0:0:1 - - [25/Aug/2022:09:47:12 +0900] "GET /pro28/sendMail.do HTTP/1.1" 200 28
0:0:0:0:0:0:0:1 - - [25/Aug/2022:09:47:12 +0900] "GET /favicon.ico HTTP/1.1" 404 818
127.0.0.1 - - [25/Aug/2022:11:07:53 +0900] "GET / HTTP/1.1" 404 807
0:0:0:0:0:0:0:1 - - [25/Aug/2022:11:08:58 +0900] "GET /pro27/main.do HTTP/1.1" 404 824
0:0:0:0:0:0:0:1 - - [25/Aug/2022:11:09:10 +0900] "GET /pro29/test/hello HTTP/1.1" 404 831
0:0:0:0:0:0:0:1 - - [25/Aug/2022:11:09:19 +0900] "GET /pro29/test/hello HTTP/1.1" 404 831
0:0:0:0:0:0:0:1 - - [25/Aug/2022:11:10:34 +0900] "GET /pro29/test/hello HTTP/1.1" 404 831
0:0:0:0:0:0:0:1 - - [25/Aug/2022:11:10:38 +0900] "GET /pro29/test/hello HTTP/1.1" 404 831
127.0.0.1 - - [25/Aug/2022:11:11:37 +0900] "GET / HTTP/1.1" 404 807
0:0:0:0:0:0:0:1 - - [25/Aug/2022:11:11:51 +0900] "GET /pro29/test/hello HTTP/1.1" 404 831
127.0.0.1 - - [25/Aug/2022:11:19:17 +0900] "GET / HTTP/1.1" 404 807
0:0:0:0:0:0:0:1 - - [25/Aug/2022:11:19:24 +0900] "GET /pro29/test/hello HTTP/1.1" 404 831
127.0.0.1 - - [25/Aug/2022:11:20:11 +0900] "GET / HTTP/1.1" 404 807
0:0:0:0:0:0:0:1 - - [25/Aug/2022:11:20:13 +0900] "GET /pro29/test/hello HTTP/1.1" 404 831
0:0:0:0:0:0:0:1 - - [25/Aug/2022:11:20:16 +0900] "GET /pro29/test/hello HTTP/1.1" 404 831
127.0.0.1 - - [25/Aug/2022:11:21:40 +0900] "GET / HTTP/1.1" 404 807
0:0:0:0:0:0:0:1 - - [25/Aug/2022:11:21:44 +0900] "GET /pro29/test/hello HTTP/1.1" 404 831
127.0.0.1 - - [25/Aug/2022:11:26:32 +0900] "GET / HTTP/1.1" 404 807
0:0:0:0:0:0:0:1 - - [25/Aug/2022:11:26:46 +0900] "GET /pro29/test/hello HTTP/1.1" 404 831
127.0.0.1 - - [25/Aug/2022:11:27:23 +0900] "GET / HTTP/1.1" 404 807
0:0:0:0:0:0:0:1 - - [25/Aug/2022:11:27:24 +0900] "GET /pro29/ HTTP/1.1" 200 165
0:0:0:0:0:0:0:1 - - [25/Aug/2022:11:27:29 +0900] "GET /pro29/test/hello HTTP/1.1" 200 12
127.0.0.1 - - [25/Aug/2022:11:36:21 +0900] "GET / HTTP/1.1" 404 807
0:0:0:0:0:0:0:1 - - [25/Aug/2022:11:36:38 +0900] "GET /pro29/test/member HTTP/1.1" 200 96
127.0.0.1 - - [25/Aug/2022:11:42:26 +0900] "GET / HTTP/1.1" 404 807
0:0:0:0:0:0:0:1 - - [25/Aug/2022:11:42:33 +0900] "GET /pro29/test/membersList HTTP/1.1" 200 903
127.0.0.1 - - [25/Aug/2022:11:45:34 +0900] "GET / HTTP/1.1" 404 807
0:0:0:0:0:0:0:1 - - [25/Aug/2022:11:45:51 +0900] "GET /pro29/test/membersMap HTTP/1.1" 200 943
0:0:0:0:0:0:0:1 - - [25/Aug/2022:11:50:32 +0900] "GET /pro29/test/notice/130 HTTP/1.1" 200 13
127.0.0.1 - - [25/Aug/2022:12:11:42 +0900] "GET / HTTP/1.1" 404 807
0:0:0:0:0:0:0:1 - - [25/Aug/2022:12:16:32 +0900] "GET /pro29/ HTTP/1.1" 200 870
0:0:0:0:0:0:0:1 - - [25/Aug/2022:12:16:33 +0900] "POST /pro29/test/info HTTP/1.1" 200 -
127.0.0.1 - - [25/Aug/2022:12:19:05 +0900] "GET / HTTP/1.1" 404 807
127.0.0.1 - - [25/Aug/2022:12:19:45 +0900] "GET / HTTP/1.1" 404 807
0:0:0:0:0:0:0:1 - - [25/Aug/2022:12:20:05 +0900] "GET /pro29/ HTTP/1.1" 200 870
0:0:0:0:0:0:0:1 - - [25/Aug/2022:12:20:07 +0900] "POST /pro29/test/info HTTP/1.1" 200 -
127.0.0.1 - - [25/Aug/2022:12:22:44 +0900] "GET / HTTP/1.1" 404 807
0:0:0:0:0:0:0:1 - - [25/Aug/2022:12:23:01 +0900] "GET /pro29/ HTTP/1.1" 200 870
0:0:0:0:0:0:0:1 - - [25/Aug/2022:12:23:02 +0900] "POST /pro29/test/info HTTP/1.1" 200 -
0:0:0:0:0:0:0:1 - - [25/Aug/2022:12:42:55 +0900] "GET /pro29/res1 HTTP/1.1" 404 721
127.0.0.1 - - [25/Aug/2022:12:43:04 +0900] "GET / HTTP/1.1" 404 807
0:0:0:0:0:0:0:1 - - [25/Aug/2022:12:43:06 +0900] "GET /pro29/res1 HTTP/1.1" 200 43
0:0:0:0:0:0:0:1 - - [25/Aug/2022:12:43:10 +0900] "GET /pro29/home HTTP/1.1" 404 721
0:0:0:0:0:0:0:1 - - [25/Aug/2022:12:43:39 +0900] "GET /pro29/res2 HTTP/1.1" 200 134
127.0.0.1 - - [25/Aug/2022:14:11:24 +0900] "GET / HTTP/1.1" 404 807
0:0:0:0:0:0:0:1 - - [25/Aug/2022:14:12:21 +0900] "GET /pro29/test/membersList2 HTTP/1.1" 500 4074
127.0.0.1 - - [25/Aug/2022:14:15:31 +0900] "GET / HTTP/1.1" 404 807
0:0:0:0:0:0:0:1 - - [25/Aug/2022:14:15:34 +0900] "GET /pro29/test/membersList2 HTTP/1.1" 500 883
0:0:0:0:0:0:0:1 - - [25/Aug/2022:14:21:39 +0900] "GET /pro29/test/res3 HTTP/1.1" 201 100
127.0.0.1 - - [25/Aug/2022:14:39:51 +0900] "GET / HTTP/1.1" 404 807
127.0.0.1 - - [25/Aug/2022:14:41:45 +0900] "GET / HTTP/1.1" 404 807
0:0:0:0:0:0:0:1 - - [25/Aug/2022:14:42:23 +0900] "GET /pro28/sendMail.do HTTP/1.1" 200 26
0:0:0:0:0:0:0:1 - - [25/Aug/2022:14:45:30 +0900] "GET /pro29/test/res3 HTTP/1.1" 404 830
127.0.0.1 - - [25/Aug/2022:14:45:36 +0900] "GET / HTTP/1.1" 404 807
0:0:0:0:0:0:0:1 - - [25/Aug/2022:14:45:53 +0900] "GET /pro29/test/res3 HTTP/1.1" 404 830
0:0:0:0:0:0:0:1 - - [25/Aug/2022:14:45:58 +0900] "GET /pro29/test/res3 HTTP/1.1" 404 830
0:0:0:0:0:0:0:1 - - [25/Aug/2022:14:46:38 +0900] "GET /pro29/test//membersList2 HTTP/1.1" 404 843
0:0:0:0:0:0:0:1 - - [25/Aug/2022:14:46:41 +0900] "GET /pro29/test/membersList2 HTTP/1.1" 404 838
127.0.0.1 - - [25/Aug/2022:14:47:22 +0900] "GET / HTTP/1.1" 404 807
0:0:0:0:0:0:0:1 - - [25/Aug/2022:14:47:24 +0900] "GET /pro29/test/membersList2 HTTP/1.1" 404 838
0:0:0:0:0:0:0:1 - - [25/Aug/2022:14:47:37 +0900] "GET /pro29/test/membersList2 HTTP/1.1" 404 838
127.0.0.1 - - [25/Aug/2022:14:48:32 +0900] "GET / HTTP/1.1" 404 807
127.0.0.1 - - [25/Aug/2022:14:49:23 +0900] "GET / HTTP/1.1" 404 807
0:0:0:0:0:0:0:1 - - [25/Aug/2022:14:49:57 +0900] "GET /pro29/test/membersList2 HTTP/1.1" 404 838
0:0:0:0:0:0:0:1 - - [25/Aug/2022:14:50:01 +0900] "GET /pro29/test/res3 HTTP/1.1" 404 830
0:0:0:0:0:0:0:1 - - [25/Aug/2022:14:50:20 +0900] "GET /pro29/test/res1 HTTP/1.1" 404 830
0:0:0:0:0:0:0:1 - - [25/Aug/2022:14:50:21 +0900] "GET /pro29/test/res1 HTTP/1.1" 404 830
127.0.0.1 - - [25/Aug/2022:14:55:46 +0900] "GET / HTTP/1.1" 404 807
0:0:0:0:0:0:0:1 - - [25/Aug/2022:14:56:37 +0900] "GET /pro29/test/res3 HTTP/1.1" 404 830
127.0.0.1 - - [25/Aug/2022:14:57:50 +0900] "GET / HTTP/1.1" 404 807
0:0:0:0:0:0:0:1 - - [25/Aug/2022:14:57:50 +0900] "GET /pro29/ HTTP/1.1" 404 817
127.0.0.1 - - [25/Aug/2022:14:59:11 +0900] "GET / HTTP/1.1" 404 807
127.0.0.1 - - [25/Aug/2022:14:59:30 +0900] "GET / HTTP/1.1" 404 807
0:0:0:0:0:0:0:1 - - [25/Aug/2022:15:02:30 +0900] "GET /pro29/test/res1 HTTP/1.1" 404 830
0:0:0:0:0:0:0:1 - - [25/Aug/2022:15:09:23 +0900] "GET /pro29/test/res2 HTTP/1.1" 404 830
127.0.0.1 - - [25/Aug/2022:15:11:40 +0900] "GET / HTTP/1.1" 404 807
127.0.0.1 - - [25/Aug/2022:15:15:52 +0900] "GET / HTTP/1.1" 404 807
0:0:0:0:0:0:0:1 - - [25/Aug/2022:15:16:18 +0900] "GET /pro29/test/res3 HTTP/1.1" 201 102
0:0:0:0:0:0:0:1 - - [25/Aug/2022:15:16:19 +0900] "GET /pro29/test/membersList2 HTTP/1.1" 500 883
127.0.0.1 - - [25/Aug/2022:16:16:40 +0900] "GET / HTTP/1.1" 404 807
0:0:0:0:0:0:0:1 - - [25/Aug/2022:16:17:05 +0900] "GET /pro29/boards/all HTTP/1.1" 404 721
127.0.0.1 - - [25/Aug/2022:16:36:30 +0900] "GET / HTTP/1.1" 404 807
0:0:0:0:0:0:0:1 - - [25/Aug/2022:16:36:41 +0900] "GET /pro29/boards/all HTTP/1.1" 404 721
127.0.0.1 - - [25/Aug/2022:16:37:15 +0900] "GET / HTTP/1.1" 404 807
0:0:0:0:0:0:0:1 - - [25/Aug/2022:16:38:03 +0900] "GET /pro29/boards/all HTTP/1.1" 404 721
0:0:0:0:0:0:0:1 - - [25/Aug/2022:16:39:01 +0900] "GET /pro29/boards/144 HTTP/1.1" 404 721
127.0.0.1 - - [25/Aug/2022:16:50:03 +0900] "GET / HTTP/1.1" 404 807
0:0:0:0:0:0:0:1 - - [25/Aug/2022:16:50:29 +0900] "GET /pro29/boards/all HTTP/1.1" 404 721
127.0.0.1 - - [25/Aug/2022:16:53:52 +0900] "GET / HTTP/1.1" 404 807
0:0:0:0:0:0:0:1 - - [25/Aug/2022:16:54:05 +0900] "GET /pro29/boards/all HTTP/1.1" 404 721
127.0.0.1 - - [25/Aug/2022:17:11:28 +0900] "GET / HTTP/1.1" 404 807
0:0:0:0:0:0:0:1 - - [25/Aug/2022:17:11:55 +0900] "GET /pro29/boards/all HTTP/1.1" 404 721
127.0.0.1 - - [25/Aug/2022:17:12:28 +0900] "GET / HTTP/1.1" 404 807
0:0:0:0:0:0:0:1 - - [25/Aug/2022:17:12:31 +0900] "GET /pro29/boards/all HTTP/1.1" 404 721
0:0:0:0:0:0:0:1 - - [25/Aug/2022:17:12:47 +0900] "GET /pro29/boards/ HTTP/1.1" 404 721
0:0:0:0:0:0:0:1 - - [25/Aug/2022:17:12:49 +0900] "GET /pro29/boards HTTP/1.1" 404 721
0:0:0:0:0:0:0:1 - - [25/Aug/2022:17:12:55 +0900] "GET /pro29/test/notice/130 HTTP/1.1" 200 13
0:0:0:0:0:0:0:1 - - [25/Aug/2022:17:13:01 +0900] "GET /pro29/test/membersMap HTTP/1.1" 200 943
127.0.0.1 - - [25/Aug/2022:17:14:06 +0900] "GET / HTTP/1.1" 404 807
0:0:0:0:0:0:0:1 - - [25/Aug/2022:17:14:30 +0900] "GET /pro29/borders/all HTTP/1.1" 404 721
0:0:0:0:0:0:0:1 - - [25/Aug/2022:17:14:57 +0900] "GET /pro29/boards/all HTTP/1.1" 404 721
0:0:0:0:0:0:0:1 - - [25/Aug/2022:17:15:03 +0900] "GET /pro29/boards/all HTTP/1.1" 404 721
0:0:0:0:0:0:0:1 - - [25/Aug/2022:17:15:06 +0900] "GET /pro29/boards/all HTTP/1.1" 404 721
127.0.0.1 - - [25/Aug/2022:17:15:51 +0900] "GET / HTTP/1.1" 404 807
127.0.0.1 - - [25/Aug/2022:17:15:59 +0900] "GET / HTTP/1.1" 404 807
127.0.0.1 - - [25/Aug/2022:17:16:07 +0900] "GET / HTTP/1.1" 404 807
0:0:0:0:0:0:0:1 - - [25/Aug/2022:17:16:15 +0900] "GET /pro29/boards/all HTTP/1.1" 404 721
0:0:0:0:0:0:0:1 - - [25/Aug/2022:17:16:21 +0900] "GET /pro29/boards/1 HTTP/1.1" 404 721
0:0:0:0:0:0:0:1 - - [25/Aug/2022:17:16:23 +0900] "GET /pro29/boards/ HTTP/1.1" 404 721
0:0:0:0:0:0:0:1 - - [25/Aug/2022:17:16:47 +0900] "GET /pro29/boards/all HTTP/1.1" 404 721
0:0:0:0:0:0:0:1 - - [25/Aug/2022:17:18:32 +0900] "GET /pro29/test/notice/130 HTTP/1.1" 200 13
0:0:0:0:0:0:0:1 - - [25/Aug/2022:17:18:37 +0900] "GET /pro29/test/hello HTTP/1.1" 200 12
127.0.0.1 - - [25/Aug/2022:17:21:27 +0900] "GET / HTTP/1.1" 404 807
0:0:0:0:0:0:0:1 - - [25/Aug/2022:17:21:31 +0900] "GET /pro29/boards/all HTTP/1.1" 404 721
0:0:0:0:0:0:0:1 - - [25/Aug/2022:17:21:55 +0900] "GET /pro29/boards/all HTTP/1.1" 404 721
127.0.0.1 - - [25/Aug/2022:17:24:07 +0900] "GET / HTTP/1.1" 404 807
0:0:0:0:0:0:0:1 - - [25/Aug/2022:17:24:40 +0900] "GET /pro29/boards/all HTTP/1.1" 404 721
127.0.0.1 - - [25/Aug/2022:17:26:33 +0900] "GET / HTTP/1.1" 404 807
0:0:0:0:0:0:0:1 - - [25/Aug/2022:17:26:36 +0900] "GET /pro29/boards/all HTTP/1.1" 200 1103
0:0:0:0:0:0:0:1 - - [25/Aug/2022:17:27:39 +0900] "GET /pro29/boards/5 HTTP/1.1" 200 112
